---
source: src/lex.rs
description: "andy formless fo _ _123 _abc ab123\nabcdefghijklmnopqrstuvwxyzABCDEFGHIJKLMNOPQRSTUVWXYZ1234567890_\n\n// expect: IDENTIFIER andy null\n// expect: IDENTIFIER formless null\n// expect: IDENTIFIER fo null\n// expect: IDENTIFIER _ null\n// expect: IDENTIFIER _123 null\n// expect: IDENTIFIER _abc null\n// expect: IDENTIFIER ab123 null\n// expect: IDENTIFIER abcdefghijklmnopqrstuvwxyzABCDEFGHIJKLMNOPQRSTUVWXYZ1234567890_ null\n// expect: EOF  null\n"
input_file: lox/scanning/identifiers.lox
---
[
    IDENTIEIFIER andy null,
    IDENTIEIFIER formless null,
    IDENTIEIFIER fo null,
    IDENTIEIFIER _ null,
    IDENTIEIFIER _123 null,
    IDENTIEIFIER _abc null,
    IDENTIEIFIER ab123 null,
    IDENTIEIFIER abcdefghijklmnopqrstuvwxyzABCDEFGHIJKLMNOPQRSTUVWXYZ1234567890_ null,
]
